user@DESKTOP-6U5T1MD MINGW64 ~/OneDrive/Área de Trabalho/GITHUB/portfolio-inicio (main)
$ git add .

user@DESKTOP-6U5T1MD MINGW64 ~/OneDrive/Área de Trabalho/GITHUB/portfolio-inicio (main)
$ git status
On branch main
Your branch is up to date with 'origin/main'.

nothing to commit, working tree clean

user@DESKTOP-6U5T1MD MINGW64 ~/OneDrive/Área de Trabalho/GITHUB/portfolio-inicio (main)
$ ^C

user@DESKTOP-6U5T1MD MINGW64 ~/OneDrive/Área de Trabalho/GITHUB/portfolio-inicio (main)
$ ^C

user@DESKTOP-6U5T1MD MINGW64 ~/OneDrive/Área de Trabalho/GITHUB/portfolio-inicio (main)
$ git status
On branch main
Your branch is up to date with 'origin/main'.

Untracked files:
